// Jest Snapshot v1, https://goo.gl/fbAQLP

exports[`Clues Component renders correctly 1`] = `
<div
  className="clues"
>
  <div
    className="clues__column clues__column--across"
  >
    <h2>
      Across
    </h2>
    <p>
      <span>
        1
        .
      </span>
      <span>
         
      </span>
      dog
    </p>
    <p>
      <span>
        3
        .
      </span>
      <span>
         
      </span>
      crocodile
    </p>
    <p>
      <span>
        6
        .
      </span>
      <span>
         
      </span>
      spider
    </p>
    <p>
      <span>
        7
        .
      </span>
      <span>
         
      </span>
      cat
    </p>
    <p>
      <span>
        9
        .
      </span>
      <span>
         
      </span>
      elephant
    </p>
  </div>
  <div
    className="clues__column clues__column--down"
  >
    <h2>
      Down
    </h2>
    <p>
      <span>
        2
        .
      </span>
      <span>
         
      </span>
      rhinoceros
    </p>
    <p>
      <span>
        4
        .
      </span>
      <span>
         
      </span>
      turtle
    </p>
    <p>
      <span>
        5
        .
      </span>
      <span>
         
      </span>
      monkey
    </p>
    <p>
      <span>
        8
        .
      </span>
      <span>
         
      </span>
      rabbit
    </p>
  </div>
</div>
`;
